[2026-06-05 18:22:45,416][INFO] Start
[2026-06-05 18:22:45,417][INFO] main track
[2026-06-05 18:23:47,861][INFO] epoch [0] train loss: 0.05094262957572937
[2026-06-05 18:23:47,861][INFO] epoch [0] test acc: 0.8366950750350952
[2026-06-05 18:23:47,862][INFO] epoch [0] gets the best acc: 0.8366950750350952
[2026-06-05 18:24:49,876][INFO] epoch [1] train loss: 0.041674185544252396
[2026-06-05 18:24:49,877][INFO] epoch [1] test acc: 0.8311079144477844
[2026-06-05 18:24:49,877][INFO] epoch [0] gets the best acc: 0.8366950750350952
[2026-06-05 18:25:54,068][INFO] epoch [2] train loss: 0.03616426885128021
[2026-06-05 18:25:54,068][INFO] epoch [2] test acc: 0.8275567889213562
[2026-06-05 18:25:54,068][INFO] epoch [0] gets the best acc: 0.8366950750350952
[2026-06-05 18:26:55,924][INFO] epoch [3] train loss: 0.0331302285194397
[2026-06-05 18:26:55,925][INFO] epoch [3] test acc: 0.831818163394928
[2026-06-05 18:26:55,925][INFO] epoch [0] gets the best acc: 0.8366950750350952
[2026-06-05 18:27:58,623][INFO] epoch [4] train loss: 0.030371110886335373
[2026-06-05 18:27:58,624][INFO] epoch [4] test acc: 0.8198390603065491
[2026-06-05 18:27:58,624][INFO] epoch [0] gets the best acc: 0.8366950750350952
[2026-06-05 18:29:01,585][INFO] epoch [5] train loss: 0.034312520176172256
[2026-06-05 18:29:01,585][INFO] epoch [5] test acc: 0.8205492496490479
[2026-06-05 18:29:01,586][INFO] epoch [0] gets the best acc: 0.8366950750350952
[2026-06-05 18:30:04,161][INFO] epoch [6] train loss: 0.03193477913737297
[2026-06-05 18:30:04,162][INFO] epoch [6] test acc: 0.8269413113594055
[2026-06-05 18:30:04,162][INFO] epoch [0] gets the best acc: 0.8366950750350952
[2026-06-05 18:31:07,596][INFO] epoch [7] train loss: 0.02797108143568039
[2026-06-05 18:31:07,596][INFO] epoch [7] test acc: 0.8034090399742126
[2026-06-05 18:31:07,596][INFO] epoch [0] gets the best acc: 0.8366950750350952
[2026-06-05 18:32:10,166][INFO] epoch [8] train loss: 0.027896927669644356
[2026-06-05 18:32:10,166][INFO] epoch [8] test acc: 0.7976325750350952
[2026-06-05 18:32:10,166][INFO] epoch [0] gets the best acc: 0.8366950750350952
[2026-06-05 18:33:14,519][INFO] epoch [9] train loss: 0.02665123902261257
[2026-06-05 18:33:14,520][INFO] epoch [9] test acc: 0.8089015483856201
[2026-06-05 18:33:14,520][INFO] epoch [0] gets the best acc: 0.8366950750350952
[2026-06-05 18:34:16,962][INFO] epoch [10] train loss: 0.02441498637199402
[2026-06-05 18:34:16,963][INFO] epoch [10] test acc: 0.7946969866752625
[2026-06-05 18:34:16,963][INFO] epoch [0] gets the best acc: 0.8366950750350952
[2026-06-05 18:34:55,908][WARNING] Aborted after 0:12:13!
