[2026-07-04 20:49:31,249][INFO] Start
[2026-07-04 20:49:31,249][INFO] main track
[2026-07-04 20:49:34,277][INFO] before train test acc: 0.41306817531585693
[2026-07-04 20:51:07,455][INFO] epoch [0] train loss: 3.9076569080352783
[2026-07-04 20:51:07,455][INFO] epoch [0] test acc: 0.41306817531585693
[2026-07-04 20:51:07,455][INFO] epoch [-1] gets the best acc: 0.41306817531585693
[2026-07-04 20:52:42,131][INFO] epoch [1] train loss: 0.5162715315818787
[2026-07-04 20:52:42,131][INFO] epoch [1] test acc: 0.8403408527374268
[2026-07-04 20:52:42,131][INFO] epoch [1] gets the best acc: 0.8403408527374268
[2026-07-04 20:54:17,635][INFO] epoch [2] train loss: 0.18114866316318512
[2026-07-04 20:54:17,635][INFO] epoch [2] test acc: 0.8598011136054993
[2026-07-04 20:54:17,635][INFO] epoch [2] gets the best acc: 0.8598011136054993
[2026-07-04 20:55:54,444][INFO] epoch [3] train loss: 0.14949053525924683
[2026-07-04 20:55:54,444][INFO] epoch [3] test acc: 0.8654829263687134
[2026-07-04 20:55:54,444][INFO] epoch [3] gets the best acc: 0.8654829263687134
[2026-07-04 20:57:30,873][INFO] epoch [4] train loss: 0.13146913051605225
[2026-07-04 20:57:30,874][INFO] epoch [4] test acc: 0.8661931753158569
[2026-07-04 20:57:30,874][INFO] epoch [4] gets the best acc: 0.8661931753158569
[2026-07-04 20:59:06,897][INFO] epoch [5] train loss: 0.12074659764766693
[2026-07-04 20:59:06,898][INFO] epoch [5] test acc: 0.8775568008422852
[2026-07-04 20:59:06,898][INFO] epoch [5] gets the best acc: 0.8775568008422852
[2026-07-04 21:00:43,151][INFO] epoch [6] train loss: 0.11034384369850159
[2026-07-04 21:00:43,151][INFO] epoch [6] test acc: 0.8782670497894287
[2026-07-04 21:00:43,152][INFO] epoch [6] gets the best acc: 0.8782670497894287
[2026-07-04 21:02:19,738][INFO] epoch [7] train loss: 0.10327637940645218
[2026-07-04 21:02:19,739][INFO] epoch [7] test acc: 0.8902462124824524
[2026-07-04 21:02:19,739][INFO] epoch [7] gets the best acc: 0.8902462124824524
[2026-07-04 21:03:55,761][INFO] epoch [8] train loss: 0.097327820956707
[2026-07-04 21:03:55,761][INFO] epoch [8] test acc: 0.8967329263687134
[2026-07-04 21:03:55,761][INFO] epoch [8] gets the best acc: 0.8967329263687134
[2026-07-04 21:05:32,140][INFO] epoch [9] train loss: 0.0928759053349495
[2026-07-04 21:05:32,140][INFO] epoch [9] test acc: 0.8804924488067627
[2026-07-04 21:05:32,140][INFO] epoch [8] gets the best acc: 0.8967329263687134
[2026-07-04 21:07:06,209][INFO] epoch [10] train loss: 0.08897584676742554
[2026-07-04 21:07:06,209][INFO] epoch [10] test acc: 0.8897254467010498
[2026-07-04 21:07:06,209][INFO] epoch [8] gets the best acc: 0.8967329263687134
[2026-07-04 21:08:41,985][INFO] epoch [11] train loss: 0.08400033414363861
[2026-07-04 21:08:41,985][INFO] epoch [11] test acc: 0.8946970105171204
[2026-07-04 21:08:41,985][INFO] epoch [8] gets the best acc: 0.8967329263687134
[2026-07-04 21:10:16,830][INFO] epoch [12] train loss: 0.0822586715221405
[2026-07-04 21:10:16,831][INFO] epoch [12] test acc: 0.8917613625526428
[2026-07-04 21:10:16,831][INFO] epoch [8] gets the best acc: 0.8967329263687134
[2026-07-04 21:11:52,051][INFO] epoch [13] train loss: 0.0791533961892128
[2026-07-04 21:11:52,052][INFO] epoch [13] test acc: 0.8918561339378357
[2026-07-04 21:11:52,052][INFO] epoch [8] gets the best acc: 0.8967329263687134
[2026-07-04 21:13:28,013][INFO] epoch [14] train loss: 0.07662991434335709
[2026-07-04 21:13:28,013][INFO] epoch [14] test acc: 0.8882102370262146
[2026-07-04 21:13:28,013][INFO] epoch [8] gets the best acc: 0.8967329263687134
[2026-07-04 21:15:04,107][INFO] epoch [15] train loss: 0.07363468408584595
[2026-07-04 21:15:04,107][INFO] epoch [15] test acc: 0.8832386136054993
[2026-07-04 21:15:04,107][INFO] epoch [8] gets the best acc: 0.8967329263687134
[2026-07-04 21:16:39,581][INFO] epoch [16] train loss: 0.07167409360408783
[2026-07-04 21:16:39,581][INFO] epoch [16] test acc: 0.8818181753158569
[2026-07-04 21:16:39,581][INFO] epoch [8] gets the best acc: 0.8967329263687134
[2026-07-04 21:18:15,218][INFO] epoch [17] train loss: 0.0692361444234848
[2026-07-04 21:18:15,219][INFO] epoch [17] test acc: 0.887499988079071
[2026-07-04 21:18:15,219][INFO] epoch [8] gets the best acc: 0.8967329263687134
[2026-07-04 21:19:51,409][INFO] epoch [18] train loss: 0.06755739450454712
[2026-07-04 21:19:51,409][INFO] epoch [18] test acc: 0.8882102370262146
[2026-07-04 21:19:51,409][INFO] epoch [8] gets the best acc: 0.8967329263687134
[2026-07-04 21:19:59,588][WARNING] Aborted after 0:30:31!
