[2026-07-02 15:52:49,798][INFO] Start
[2026-07-02 15:52:49,798][INFO] main track
[2026-07-02 15:52:52,899][INFO] before train test acc: 0.8660984635353088
[2026-07-02 15:53:43,191][INFO] epoch [0] train loss: 0.04788903519511223
[2026-07-02 15:53:43,191][INFO] epoch [0] test acc: 0.8646780252456665
[2026-07-02 15:53:43,191][INFO] epoch [-1] gets the best acc: 0.8660984635353088
[2026-07-02 15:53:43,192][INFO] causal alpha: -0.004359587095677853
[2026-07-02 15:53:43,192][INFO] conf scale: -0.0002675890573300421
[2026-07-02 15:54:32,755][INFO] epoch [1] train loss: 0.04717834293842316
[2026-07-02 15:54:32,755][INFO] epoch [1] test acc: 0.8631629347801208
[2026-07-02 15:54:32,755][INFO] epoch [-1] gets the best acc: 0.8660984635353088
[2026-07-02 15:54:32,755][INFO] causal alpha: -0.006788081023842096
[2026-07-02 15:54:32,755][INFO] conf scale: 0.000671670597512275
[2026-07-02 15:55:22,697][INFO] epoch [2] train loss: 0.04672327637672424
[2026-07-02 15:55:22,698][INFO] epoch [2] test acc: 0.861032247543335
[2026-07-02 15:55:22,698][INFO] epoch [-1] gets the best acc: 0.8660984635353088
[2026-07-02 15:55:22,698][INFO] causal alpha: -0.009108291938900948
[2026-07-02 15:55:22,698][INFO] conf scale: 0.0011248874943703413
[2026-07-02 15:56:14,512][INFO] epoch [3] train loss: 0.04641911759972572
[2026-07-02 15:56:14,512][INFO] epoch [3] test acc: 0.861032247543335
[2026-07-02 15:56:14,512][INFO] epoch [-1] gets the best acc: 0.8660984635353088
[2026-07-02 15:56:14,513][INFO] causal alpha: -0.011405561119318008
[2026-07-02 15:56:14,513][INFO] conf scale: 0.0012005947064608335
[2026-07-02 15:57:04,759][INFO] epoch [4] train loss: 0.045541487634181976
[2026-07-02 15:57:04,759][INFO] epoch [4] test acc: 0.8624526858329773
[2026-07-02 15:57:04,759][INFO] epoch [-1] gets the best acc: 0.8660984635353088
[2026-07-02 15:57:04,759][INFO] causal alpha: -0.013240881264209747
[2026-07-02 15:57:04,759][INFO] conf scale: 0.0014417808270081878
[2026-07-02 15:57:55,592][INFO] epoch [5] train loss: 0.04513275995850563
[2026-07-02 15:57:55,592][INFO] epoch [5] test acc: 0.8624526858329773
[2026-07-02 15:57:55,592][INFO] epoch [-1] gets the best acc: 0.8660984635353088
[2026-07-02 15:57:55,592][INFO] causal alpha: -0.01482575573027134
[2026-07-02 15:57:55,592][INFO] conf scale: 0.0015339137753471732
[2026-07-02 15:58:47,840][INFO] epoch [6] train loss: 0.045570794492959976
[2026-07-02 15:58:47,841][INFO] epoch [6] test acc: 0.8624526858329773
[2026-07-02 15:58:47,841][INFO] epoch [-1] gets the best acc: 0.8660984635353088
[2026-07-02 15:58:47,841][INFO] causal alpha: -0.01631862483918667
[2026-07-02 15:58:47,841][INFO] conf scale: 0.001647137338295579
[2026-07-02 15:59:38,134][INFO] epoch [7] train loss: 0.04482037201523781
[2026-07-02 15:59:38,134][INFO] epoch [7] test acc: 0.861032247543335
[2026-07-02 15:59:38,134][INFO] epoch [-1] gets the best acc: 0.8660984635353088
[2026-07-02 15:59:38,134][INFO] causal alpha: -0.017616182565689087
[2026-07-02 15:59:38,134][INFO] conf scale: 0.0016364000039175153
[2026-07-02 16:00:28,204][INFO] epoch [8] train loss: 0.04416591674089432
[2026-07-02 16:00:28,204][INFO] epoch [8] test acc: 0.8624526858329773
[2026-07-02 16:00:28,204][INFO] epoch [-1] gets the best acc: 0.8660984635353088
[2026-07-02 16:00:28,204][INFO] causal alpha: -0.018830589950084686
[2026-07-02 16:00:28,204][INFO] conf scale: 0.0018207771936431527
[2026-07-02 16:01:18,282][INFO] epoch [9] train loss: 0.044105418026447296
[2026-07-02 16:01:18,283][INFO] epoch [9] test acc: 0.8638731241226196
[2026-07-02 16:01:18,283][INFO] epoch [-1] gets the best acc: 0.8660984635353088
[2026-07-02 16:01:18,283][INFO] causal alpha: -0.020059755071997643
[2026-07-02 16:01:18,283][INFO] conf scale: 0.0019350217189639807
[2026-07-02 16:02:08,377][INFO] epoch [10] train loss: 0.044247761368751526
[2026-07-02 16:02:08,377][INFO] epoch [10] test acc: 0.8624526858329773
[2026-07-02 16:02:08,377][INFO] epoch [-1] gets the best acc: 0.8660984635353088
[2026-07-02 16:02:08,377][INFO] causal alpha: -0.02120145782828331
[2026-07-02 16:02:08,377][INFO] conf scale: 0.0019119051285088062
[2026-07-02 16:02:58,924][INFO] epoch [11] train loss: 0.04364447295665741
[2026-07-02 16:02:58,924][INFO] epoch [11] test acc: 0.8617424368858337
[2026-07-02 16:02:58,924][INFO] epoch [-1] gets the best acc: 0.8660984635353088
[2026-07-02 16:02:58,924][INFO] causal alpha: -0.02230144292116165
[2026-07-02 16:02:58,924][INFO] conf scale: 0.001899160211905837
[2026-07-02 16:03:48,607][INFO] epoch [12] train loss: 0.04372917115688324
[2026-07-02 16:03:48,608][INFO] epoch [12] test acc: 0.8638731241226196
[2026-07-02 16:03:48,608][INFO] epoch [-1] gets the best acc: 0.8660984635353088
[2026-07-02 16:03:48,608][INFO] causal alpha: -0.023388627916574478
[2026-07-02 16:03:48,608][INFO] conf scale: 0.0018780647078529
[2026-07-02 16:04:37,997][INFO] epoch [13] train loss: 0.04376226291060448
[2026-07-02 16:04:37,997][INFO] epoch [13] test acc: 0.8624526858329773
[2026-07-02 16:04:37,997][INFO] epoch [-1] gets the best acc: 0.8660984635353088
[2026-07-02 16:04:37,997][INFO] causal alpha: -0.02448132075369358
[2026-07-02 16:04:37,998][INFO] conf scale: 0.0018887445330619812
[2026-07-02 16:04:49,687][WARNING] Aborted after 0:12:02!
